../Core/Src/main.c:83:5:main	128	static
../Core/Src/main.c:171:6:SystemClock_Config	96	static
../Core/Src/main.c:221:13:MX_I2C1_Init	8	static
../Core/Src/main.c:269:13:MX_USART2_UART_Init	8	static
../Core/Src/main.c:304:13:MX_GPIO_Init	48	static
../Core/Src/main.c:349:6:StartDefaultTask	16	static
../Core/Src/main.c:367:6:StartLedTask	16	static
../Core/Src/main.c:386:6:StartDebugTask	96	static
../Core/Src/main.c:424:6:StartSensorTask	40	static
../Core/Src/main.c:476:6:HAL_TIM_PeriodElapsedCallback	16	static
../Core/Src/main.c:494:6:Error_Handler	16	static,ignoring_inline_asm
