../Core/Src/main.c:94:5:main	128	static
../Core/Src/main.c:182:6:SystemClock_Config	96	static
../Core/Src/main.c:232:13:MX_I2C1_Init	8	static
../Core/Src/main.c:280:13:MX_USART2_UART_Init	8	static
../Core/Src/main.c:315:13:MX_GPIO_Init	48	static
../Core/Src/main.c:360:6:StartDefaultTask	16	static
../Core/Src/main.c:378:6:StartLedTask	16	static
../Core/Src/main.c:405:6:StartDebugTask	184	static
../Core/Src/main.c:444:6:StartSensorTask	48	static
../Core/Src/main.c:553:6:HAL_TIM_PeriodElapsedCallback	16	static
../Core/Src/main.c:571:6:Error_Handler	16	static,ignoring_inline_asm
